******* ./Test0/h2.ic   ************************
001	/********************************************************************
002	 *
003	 *	simple iC program with arrays
004	 *
005	 *******************************************************************/
006
007	    if (IX0.0) {
008		int n;
009		for (n = 0; n <= 0; n++) {
010		    printf("%d: Hello Nr. %d\n", n, 0);
011		}
012	    }


	_f1_1   F ---{                  // (2)

	iClock  : ---|  _f1_1   F
	IX0.0     ---|

013	    if (IX0.1) {
014		int n;
015		for (n = 0; n <= 1; n++) {
016		    printf("%d: Hello Nr. %d\n", n, 1);
017		}
018	    }


	_f2_1   F ---{                  // (3)

	iClock  : ---|  _f2_1   F
	IX0.1     ---|

019	    if (IX0.2) {
020		int n;
021		for (n = 0; n <= 2; n++) {
022		    printf("%d: Hello Nr. %d\n", n, 2);
023		}
024	    }


	_f3_1   F ---{                  // (4)

	iClock  : ---|  _f3_1   F
	IX0.2     ---|

025	    if (IX0.3) {
026		int n;
027		for (n = 0; n <= 3; n++) {
028		    printf("%d: Hello Nr. %d\n", n, 3);
029		}
030	    }


	_f4_1   F ---{                  // (5)

	iClock  : ---|  _f4_1   F
	IX0.3     ---|

031	    if (IX0.4) {
032		int n;
033		for (n = 0; n <= 4; n++) {
034		    printf("%d: Hello Nr. %d\n", n, 4);
035		}
036	    }


	_f5_1   F ---{                  // (6)

	iClock  : ---|  _f5_1   F
	IX0.4     ---|

037	    if (IX0.5) {
038		int n;
039		for (n = 0; n <= 5; n++) {
040		    printf("%d: Hello Nr. %d\n", n, 5);
041		}
042	    }


	_f6_1   F ---{                  // (7)

	iClock  : ---|  _f6_1   F
	IX0.5     ---|

043	    if (IX0.6) {
044		int n;
045		for (n = 0; n <= 6; n++) {
046		    printf("%d: Hello Nr. %d\n", n, 6);
047		}
048	    }


	_f7_1   F ---{                  // (8)

	iClock  : ---|  _f7_1   F
	IX0.6     ---|

049	    if (IX0.7) {
050		int n;
051		for (n = 0; n <= 7; n++) {
052		    printf("%d: Hello Nr. %d\n", n, 7);
053		}
054	    }


	_f8_1   F ---{                  // (9)

	iClock  : ---|  _f8_1   F
	IX0.7     ---|

055	    if (IX1.0) {
056		int n;
057		for (n = 0; n <= 8; n++) {
058		    printf("%d: Hello Nr. %d\n", n, 8);
059		}
060	    }


	_f9_1   F ---{                  // (10)

	iClock  : ---|  _f9_1   F
	IX1.0     ---|

061	    if (IX1.1) {
062		int n;
063		for (n = 0; n <= 9; n++) {
064		    printf("%d: Hello Nr. %d\n", n, 9);
065		}
066	    }


	_f10_1  F ---{                  // (11)

	iClock  : ---|  _f10_1  F
	IX1.1     ---|

******* C CODE          ************************

007	(2) {
008		int n;
009		for (n = 0; n <= 0; n++) {
010		    printf("%d: Hello Nr. %d\n", n, 0);
011		}
012	    }

013	(3) {
014		int n;
015		for (n = 0; n <= 1; n++) {
016		    printf("%d: Hello Nr. %d\n", n, 1);
017		}
018	    }

019	(4) {
020		int n;
021		for (n = 0; n <= 2; n++) {
022		    printf("%d: Hello Nr. %d\n", n, 2);
023		}
024	    }

025	(5) {
026		int n;
027		for (n = 0; n <= 3; n++) {
028		    printf("%d: Hello Nr. %d\n", n, 3);
029		}
030	    }

031	(6) {
032		int n;
033		for (n = 0; n <= 4; n++) {
034		    printf("%d: Hello Nr. %d\n", n, 4);
035		}
036	    }

037	(7) {
038		int n;
039		for (n = 0; n <= 5; n++) {
040		    printf("%d: Hello Nr. %d\n", n, 5);
041		}
042	    }

043	(8) {
044		int n;
045		for (n = 0; n <= 6; n++) {
046		    printf("%d: Hello Nr. %d\n", n, 6);
047		}
048	    }

049	(9) {
050		int n;
051		for (n = 0; n <= 7; n++) {
052		    printf("%d: Hello Nr. %d\n", n, 7);
053		}
054	    }

055	(10) {
056		int n;
057		for (n = 0; n <= 8; n++) {
058		    printf("%d: Hello Nr. %d\n", n, 8);
059		}
060	    }

061	(11) {
062		int n;
063		for (n = 0; n <= 9; n++) {
064		    printf("%d: Hello Nr. %d\n", n, 9);
065		}
066	    }

******* NET TOPOLOGY    ************************

IX0.0   <     _f1_1|
IX0.1   <     _f2_1|
IX0.2   <     _f3_1|
IX0.3   <     _f4_1|
IX0.4   <     _f5_1|
IX0.5   <     _f6_1|
IX0.6   <     _f7_1|
IX0.7   <     _f8_1|
IX1.0   <     _f9_1|
IX1.1   <     _f10_1|
_f10_1  |  F { (11)
_f1_1   |  F { (2)
_f2_1   |  F { (3)
_f3_1   |  F { (4)
_f4_1   |  F { (5)
_f5_1   |  F { (6)
_f6_1   |  F { (7)
_f7_1   |  F { (8)
_f8_1   |  F { (9)
_f9_1   |  F { (10)
iClock  :  :  _f1_1|   _f2_1|   _f3_1|   _f4_1|   _f5_1|   _f6_1|   _f7_1|   _f8_1|
              _f9_1|   _f10_1|

******* NET STATISTICS  ************************

OR	|     10 blocks
INPX	<     10 blocks
CLK	:      1 blocks

TOTAL	      21 blocks
	      60 links

compiled by:
@(#)     $Id: icc.v,v 1.123 2008/09/06 01:32:56 jw Exp $ -O7

C OUTPUT: ./Test0/h2.c  (199 lines)
