******* ./Test0/h7.ic   ************************
001	/********************************************************************
002	 *
003	 *	simple iC program with arrays
004	 *
005	 *******************************************************************/
006
007	%{
008	    int n;					/* { */
009	%}
010
011	if (IX0.7) {					/* { */
012	  for (n = 0; n <= 2; n++) {
013	    printf("%d: Hello world Nr. %d\n", n, 2);
014	  }
015	} else {					/* { */
016	  for (n = 0; n <= 2; n++) {
017	    printf("%d: Good bye Nr. %d\n", n, 2);
018	  }
019	}						/* { */



	_f1_1   G ---{                  // (2)

	iClock  : ---|  _f1_1   G
	IX0.7     ---|

020
021	    if (IX0.0) {
022		printf("%d: Immediate Nr. %d\n", 0, 2);
023	    }


	_f2_1   F ---{                  // (3)

	iClock  : ---|  _f2_1   F
	IX0.0     ---|

024	    if (IX0.1) {
025		printf("%d: Immediate Nr. %d\n", 1, 2);
026	    }


	_f3_1   F ---{                  // (4)

	iClock  : ---|  _f3_1   F
	IX0.1     ---|

027	    if (IX0.2) {
028		printf("%d: Immediate Nr. %d\n", 2, 2);
029	    }


	_f4_1   F ---{                  // (5)

	iClock  : ---|  _f4_1   F
	IX0.2     ---|

030
031	switch (IB1) {					/* { */
032	case 0:
033	  for (n = 0; n <= 2; n++) {
034	    printf("%d: Low Nr. %d\n", n, 0);		/* { */
035	  }
036	    break;
037	case 1:
038	  for (n = 0; n <= 2; n++) {
039	    printf("%d: Med Nr. %d\n", n, 1);		/* { */
040	  }
041	    break;
042	case 2:
043	  for (n = 0; n <= 2; n++) {
044	    printf("%d: Hi  Nr. %d\n", n, 2);		/* { */
045	  }
046	    break;
047	default:
048	  for (n = 0; n <= 2; n++) {
049	    printf("%d: Off Nr. %d\n", n, 99);		/* { */
050	  }
051	    break;
052	}


	_f5_1   I ---(                  // (6)

	iClock  : ---+  _f5_1   I
	IB1     A ---+                  IB1     // 1

******* C CODE          ************************

007
008	    int n;					/* { */
009

011	(2) {					/* { */
012	  for (n = 0; n <= 2; n++) {
013	    printf("%d: Hello world Nr. %d\n", n, 2);
014	  }
015	    }

015	    {					/* { */
016	  for (n = 0; n <= 2; n++) {
017	    printf("%d: Good bye Nr. %d\n", n, 2);
018	  }
019	    }

021	(3) {
022		printf("%d: Immediate Nr. %d\n", 0, 2);
023	    }

024	(4) {
025		printf("%d: Immediate Nr. %d\n", 1, 2);
026	    }

027	(5) {
028		printf("%d: Immediate Nr. %d\n", 2, 2);
029	    }

031	(6) {					/* { */
032	    case 0:
033	  for (n = 0; n <= 2; n++) {
034	    printf("%d: Low Nr. %d\n", n, 0);		/* { */
035	  }
036	    break;
037	    case 1:
038	  for (n = 0; n <= 2; n++) {
039	    printf("%d: Med Nr. %d\n", n, 1);		/* { */
040	  }
041	    break;
042	    case 2:
043	  for (n = 0; n <= 2; n++) {
044	    printf("%d: Hi  Nr. %d\n", n, 2);		/* { */
045	  }
046	    break;
047	    default:
048	  for (n = 0; n <= 2; n++) {
049	    printf("%d: Off Nr. %d\n", n, 99);		/* { */
050	  }
051	    break;
052	    }

******* NET TOPOLOGY    ************************

IB1     [  A  _f5_1+
IX0.0   <     _f2_1|
IX0.1   <     _f3_1|
IX0.2   <     _f4_1|
IX0.7   <     _f1_1|
_f1_1   |  G { (2)
_f2_1   |  F { (3)
_f3_1   |  F { (4)
_f4_1   |  F { (5)
_f5_1   +  I ( (6)
iClock  :  :  _f1_1|  _f2_1|  _f3_1|  _f4_1|  _f5_1+

******* NET STATISTICS  ************************

ARN	+      1 blocks
OR	|      4 blocks
INPW	[      1 blocks
INPX	<      4 blocks
CLK	:      1 blocks

TOTAL	      11 blocks
	      29 links

compiled by:
@(#)     $Id: icc.v,v 1.123 2008/09/06 01:32:56 jw Exp $ -O7

C OUTPUT: ./Test0/h7.c  (139 lines)
