******* ./Test0/h8.ic   ************************
001	/********************************************************************
002	 *
003	 *	simple iC program with arrays
004	 *
005	 *******************************************************************/
006
007	    if (IX0.0) {
008		printf("%d: Immediate Nr. %d\n", 0, 2);	/* { */
009	    }


	_f1_1   F ---{                  // (2)

	iClock  : ---|  _f1_1   F
	IX0.0     ---|

010	    if (IX0.1) {
011		printf("%d: Immediate Nr. %d\n", 1, 2);	/* { */
012	    }


	_f2_1   F ---{                  // (3)

	iClock  : ---|  _f2_1   F
	IX0.1     ---|

013	    if (IX0.2) {
014		printf("%d: Immediate Nr. %d\n", 2, 2);	/* { */
015	    }


	_f3_1   F ---{                  // (4)

	iClock  : ---|  _f3_1   F
	IX0.2     ---|

016	QX0.7 = IX0.6 & IX0.7;

	IX0.6     ---&  QX0.7
	IX0.7     ---&


	QX0.7     ---|  QX0.7_0 X

******* C CODE          ************************

007	(2) {
008		printf("%d: Immediate Nr. %d\n", 0, 2);	/* { */
009	    }

010	(3) {
011		printf("%d: Immediate Nr. %d\n", 1, 2);	/* { */
012	    }

013	(4) {
014		printf("%d: Immediate Nr. %d\n", 2, 2);	/* { */
015	    }

******* NET TOPOLOGY    ************************

IX0.0   <     _f1_1|
IX0.1   <     _f2_1|
IX0.2   <     _f3_1|
IX0.6   <     QX0.7&
IX0.7   <     QX0.7&
QX0.7   &     QX0.7_0|
QX0.7_0 |  X
_f1_1   |  F { (2)
_f2_1   |  F { (3)
_f3_1   |  F { (4)
iClock  :  :  _f1_1|  _f2_1|  _f3_1|

******* NET STATISTICS  ************************

AND	&      1 blocks
OR	|      4 blocks
INPX	<      5 blocks
CLK	:      1 blocks

TOTAL	      11 blocks
	      27 links

compiled by:
@(#)     $Id: icc.v,v 1.123 2008/09/06 01:32:56 jw Exp $ -O7

C OUTPUT: ./Test0/h8.c  (84 lines)
