******* ./Test0/h.ic    ************************
001	/********************************************************************
002	 *
003	 *	simple iC program with arrays
004	 *
005	 *******************************************************************/
006
007	    if (IX0.0) {
008		printf("Hello Nr. %d\n", 0);
009	    }


	_f1_1   F ---{                  // (2)

	iClock  : ---|  _f1_1   F
	IX0.0     ---|

010	    if (IX0.1) {
011		printf("Hello Nr. %d\n", 1);
012	    }


	_f2_1   F ---{                  // (3)

	iClock  : ---|  _f2_1   F
	IX0.1     ---|

013	    if (IX0.2) {
014		printf("Hello Nr. %d\n", 2);
015	    }


	_f3_1   F ---{                  // (4)

	iClock  : ---|  _f3_1   F
	IX0.2     ---|

016	    if (IX0.3) {
017		printf("Hello Nr. %d\n", 3);
018	    }


	_f4_1   F ---{                  // (5)

	iClock  : ---|  _f4_1   F
	IX0.3     ---|

019	    if (IX0.4) {
020		printf("Hello Nr. %d\n", 4);
021	    }


	_f5_1   F ---{                  // (6)

	iClock  : ---|  _f5_1   F
	IX0.4     ---|

022	    if (IX0.5) {
023		printf("Hello Nr. %d\n", 5);
024	    }


	_f6_1   F ---{                  // (7)

	iClock  : ---|  _f6_1   F
	IX0.5     ---|

025	    if (IX0.6) {
026		printf("Hello Nr. %d\n", 6);
027	    }


	_f7_1   F ---{                  // (8)

	iClock  : ---|  _f7_1   F
	IX0.6     ---|

028	    if (IX0.7) {
029		printf("Hello Nr. %d\n", 7);
030	    }


	_f8_1   F ---{                  // (9)

	iClock  : ---|  _f8_1   F
	IX0.7     ---|

031	    if (IX1.0) {
032		printf("Hello Nr. %d\n", 8);
033	    }


	_f9_1   F ---{                  // (10)

	iClock  : ---|  _f9_1   F
	IX1.0     ---|

034	    if (IX1.1) {
035		printf("Hello Nr. %d\n", 9);
036	    }


	_f10_1  F ---{                  // (11)

	iClock  : ---|  _f10_1  F
	IX1.1     ---|

******* C CODE          ************************

007	(2) {
008		printf("Hello Nr. %d\n", 0);
009	    }

010	(3) {
011		printf("Hello Nr. %d\n", 1);
012	    }

013	(4) {
014		printf("Hello Nr. %d\n", 2);
015	    }

016	(5) {
017		printf("Hello Nr. %d\n", 3);
018	    }

019	(6) {
020		printf("Hello Nr. %d\n", 4);
021	    }

022	(7) {
023		printf("Hello Nr. %d\n", 5);
024	    }

025	(8) {
026		printf("Hello Nr. %d\n", 6);
027	    }

028	(9) {
029		printf("Hello Nr. %d\n", 7);
030	    }

031	(10) {
032		printf("Hello Nr. %d\n", 8);
033	    }

034	(11) {
035		printf("Hello Nr. %d\n", 9);
036	    }

******* NET TOPOLOGY    ************************

IX0.0   <     _f1_1|
IX0.1   <     _f2_1|
IX0.2   <     _f3_1|
IX0.3   <     _f4_1|
IX0.4   <     _f5_1|
IX0.5   <     _f6_1|
IX0.6   <     _f7_1|
IX0.7   <     _f8_1|
IX1.0   <     _f9_1|
IX1.1   <     _f10_1|
_f10_1  |  F { (11)
_f1_1   |  F { (2)
_f2_1   |  F { (3)
_f3_1   |  F { (4)
_f4_1   |  F { (5)
_f5_1   |  F { (6)
_f6_1   |  F { (7)
_f7_1   |  F { (8)
_f8_1   |  F { (9)
_f9_1   |  F { (10)
iClock  :  :  _f1_1|   _f2_1|   _f3_1|   _f4_1|   _f5_1|   _f6_1|   _f7_1|   _f8_1|
              _f9_1|   _f10_1|

******* NET STATISTICS  ************************

OR	|     10 blocks
INPX	<     10 blocks
CLK	:      1 blocks

TOTAL	      21 blocks
	      60 links

compiled by:
@(#)     $Id: icc.v,v 1.123 2008/09/06 01:32:56 jw Exp $ -O7

C OUTPUT: ./Test0/h.c  (169 lines)
